error: lifetime may not live long enough
  --> $DIR/leak_dependent.rs:17:55
   |
17 |     let _leaked_ref = cell.with_dependent(|dependent| dependent);
   |                                            ---------- ^^^^^^^^^ returning this value requires that `'1` must outlive `'2`
   |                                            |        |
   |                                            |        return type of closure is &NotCovariant<'2>
   |                                            has type `&'1 NotCovariant<'1>`
