IGNORE
IGNORE
--> IGNORE
|
7  | / self_cell!(
8  | |     struct NoCov {
9  | |         owner: String,
10 | |
...  |
13 | |     }
14 | | );
| |__^ lifetime mismatch
|
= note: expected struct `Cell<&'y String>`
found struct `Cell<&'x String>`
note: the lifetime `'y` as defined on the function body at IGNORE
--> IGNORE
|
7  | / self_cell!(
8  | |     struct NoCov {
9  | |         owner: String,
10 | |
...  |
13 | |     }
14 | | );
| |__^
note: ...does not necessarily outlive the lifetime `'x` as defined on the function body at IGNORE
--> IGNORE
|
7  | / self_cell!(
8  | |     struct NoCov {
9  | |         owner: String,
10 | |
...  |
13 | |     }
14 | | );
| |__^
IGNORE

error: aborting due to previous error

For more information about this error, try `rustc --explain E0308`.
error: could not compile `wrong_covariance`

To learn more, run the command again with --verbose.